
> marketplace-prototype@0.0.1 build
> vite build

vite v7.3.1 building ssr environment for production...
transforming...
✓ 234 modules transformed.
rendering chunks...
vite v7.3.1 building client environment for production...
transforming...
✓ 207 modules transformed.
rendering chunks...
[plugin vite:reporter] 
(!) /home/asya/marketplace-prototype/src/lib/components/landing/FeaturedProducts.svelte is dynamically imported by /home/asya/marketplace-prototype/src/routes/+page.svelte but also statically imported by /home/asya/marketplace-prototype/src/lib/components/landing/index.ts, dynamic import will not move module into another chunk.

[plugin vite:reporter] 
(!) /home/asya/marketplace-prototype/src/lib/components/landing/Testimonials.svelte is dynamically imported by /home/asya/marketplace-prototype/src/routes/+page.svelte but also statically imported by /home/asya/marketplace-prototype/src/lib/components/landing/index.ts, dynamic import will not move module into another chunk.

[plugin vite:reporter] 
(!) /home/asya/marketplace-prototype/src/lib/components/landing/FAQ.svelte is dynamically imported by /home/asya/marketplace-prototype/src/routes/+page.svelte but also statically imported by /home/asya/marketplace-prototype/src/lib/components/landing/index.ts, dynamic import will not move module into another chunk.

computing gzip size...
.svelte-kit/output/client/_app/version.json                        0.03 kB │ gzip:  0.05 kB
.svelte-kit/output/client/.vite/manifest.json                      7.70 kB │ gzip:  1.14 kB
.svelte-kit/output/client/_app/immutable/assets/2.CAFBa4br.css    88.79 kB │ gzip: 13.87 kB
.svelte-kit/output/client/_app/immutable/nodes/2.S9CSeKtW.js       0.07 kB │ gzip:  0.08 kB
.svelte-kit/output/client/_app/immutable/entry/start.7yhjPQTK.js   0.08 kB │ gzip:  0.09 kB
.svelte-kit/output/client/_app/immutable/chunks/1xGMjCi4.js        0.11 kB │ gzip:  0.10 kB
.svelte-kit/output/client/_app/immutable/chunks/Cmnel_5I.js        0.19 kB │ gzip:  0.17 kB
.svelte-kit/output/client/_app/immutable/chunks/RFv-fcNt.js        0.32 kB │ gzip:  0.25 kB
.svelte-kit/output/client/_app/immutable/chunks/D6d5Pk6v.js        0.53 kB │ gzip:  0.34 kB
.svelte-kit/output/client/_app/immutable/nodes/1.0WfpilZn.js       0.56 kB │ gzip:  0.35 kB
.svelte-kit/output/client/_app/immutable/chunks/tJhx3Wx0.js        0.82 kB │ gzip:  0.46 kB
.svelte-kit/output/client/_app/immutable/chunks/Bk6YU9t6.js        1.25 kB │ gzip:  0.72 kB
.svelte-kit/output/client/_app/immutable/chunks/CWZBZrk_.js        1.32 kB │ gzip:  0.76 kB
.svelte-kit/output/client/_app/immutable/chunks/CSNdjsuh.js        1.43 kB │ gzip:  0.74 kB
.svelte-kit/output/client/_app/immutable/chunks/DHcXNlpE.js        1.53 kB │ gzip:  0.86 kB
.svelte-kit/output/client/_app/immutable/chunks/kFl1qIbW.js        1.53 kB │ gzip:  0.67 kB
.svelte-kit/output/client/_app/immutable/chunks/BpIp6H1t.js        1.55 kB │ gzip:  0.85 kB
.svelte-kit/output/client/_app/immutable/nodes/0.Os4ms5yY.js       2.65 kB │ gzip:  1.15 kB
.svelte-kit/output/client/_app/immutable/entry/app.DTXRhuA7.js     4.81 kB │ gzip:  2.12 kB
.svelte-kit/output/client/_app/immutable/chunks/CqJmRJdC.js        5.16 kB │ gzip:  2.12 kB
.svelte-kit/output/client/_app/immutable/chunks/DUzEt_fj.js        5.77 kB │ gzip:  2.30 kB
.svelte-kit/output/client/_app/immutable/chunks/_mectidG.js        6.01 kB │ gzip:  2.83 kB
.svelte-kit/output/client/_app/immutable/chunks/CQABCTV0.js        6.37 kB │ gzip:  2.84 kB
.svelte-kit/output/client/_app/immutable/chunks/X_XwDJ7X.js        6.96 kB │ gzip:  2.15 kB
.svelte-kit/output/client/_app/immutable/chunks/DAsAB_K8.js        7.33 kB │ gzip:  2.69 kB
.svelte-kit/output/client/_app/immutable/chunks/C1A-nGZL.js        7.60 kB │ gzip:  2.68 kB
.svelte-kit/output/client/_app/immutable/nodes/4.DszZzTJA.js       8.05 kB │ gzip:  3.48 kB
.svelte-kit/output/client/_app/immutable/nodes/3.Cua0Guh_.js       8.53 kB │ gzip:  3.70 kB
.svelte-kit/output/client/_app/immutable/chunks/j5hC-ZDW.js       21.86 kB │ gzip:  8.70 kB
.svelte-kit/output/client/_app/immutable/chunks/lDlWLmli.js       26.97 kB │ gzip: 10.62 kB
.svelte-kit/output/client/_app/immutable/chunks/BTIXab9R.js       72.99 kB │ gzip: 21.91 kB
✓ built in 9.78s

node:internal/event_target:1105
  process.nextTick(() => { throw err; });
                           ^
Error: The following pages contain links to /#categories, but no element with id="categories" exists on / - see the `handleMissingId` option in https://svelte.dev/docs/kit/configuration#prerender for more info:
  - /
To suppress or handle this error, implement `handleMissingId` in https://svelte.dev/docs/kit/configuration#prerender
    at file:///home/asya/marketplace-prototype/node_modules/@sveltejs/kit/src/core/config/options.js:235:13
    at file:///home/asya/marketplace-prototype/node_modules/@sveltejs/kit/src/core/postbuild/prerender.js:75:25
    at prerender (file:///home/asya/marketplace-prototype/node_modules/@sveltejs/kit/src/core/postbuild/prerender.js:575:4)
    at async MessagePort.<anonymous> (file:///home/asya/marketplace-prototype/node_modules/@sveltejs/kit/src/utils/fork.js:23:16)
Emitted 'error' event on Worker instance at:
    at [kOnErrorMessage] (node:internal/worker:333:10)
    at [kOnMessage] (node:internal/worker:344:37)
    at MessagePort.<anonymous> (node:internal/worker:233:57)
    at [nodejs.internal.kHybridDispatch] (node:internal/event_target:831:20)
    at MessagePort.<anonymous> (node:internal/per_context/messageport:23:28)

Node.js v20.20.0
